Coco-2 SG (source: ..\MiniCPP\MiniCPP.atg)

    1| /* Attributed grammar for MiniCPP */
    2| COMPILER MiniCPP
    3| 
    4| SEM<<
    5| 	private static int stc = 0;
    6| 	private static int mc  = 0;
    7| 
    8| 	public static void printResults() {
    9| 				// it seems a line is count too much !?!
   10| 				Console.WriteLine($"Lines of code: {MiniCPPLex.tokenLine - 1}");
   11| 				Console.WriteLine($"Lines of statements: {stc}");
   12| 				Console.WriteLine($"Complexity by McCabe: {1 + mc}");
   13| 	}
   14| >>
   15| 
   16| 
   17| CHARACTER SETS
   18| 	digit		= '0' .. '9'.
   19| 	letter		= 'a' .. 'z' + 'A' .. 'Z' .
   20| 	whiteSpace	= CHR(9) + EOL IGNORE. /*' ' ignored by default*/
   21| 	noquote		= ANY - '"'.
   22| 
   23| COMMENTS
   24| 	FROM '//' TO EOL.
   25| 	FROM '/*' TO '*/'.
   26| 
   27| KEYWORDS
   28| 	'void'.  'new'. 'return'. 'const'. 'break'.
   29| 	'int'. 'false'. 'true'.  'bool'.
   30| 	'scanf'. 'printf'. 'cin'. 'cout'. 'endl'.
   31| 	'if'. 'while'.  'else'. 'for'. 'delete'.
   32| 
   33| TOKENS
   34| 	';'. ','.
   35| 	'='. '+'. '-'. '++'. '--'. '/'. '*'. '%'.
   36| 	'||'. '&&'. '<'. '>'. '<<'. '>>'. '<='. '>='. '=='. '!='. '!'.
   37| 	'('. ')'. '['. ']'. '{'. '}'.
   38| 
   39| TOKEN CLASSES
   40| 	number = digit { digit }.
   41| 	ident = ( letter | '_' ) { letter | digit | '_' }.
   42| 	string = '"' { noquote } '"'.
   43| 
   44| NONTERMINALS
   45| 	MiniCPP.
   46| 	ConstDecl.
   47| 	Init.
   48| 	VarDef.
   49| 	FuncHead.
   50| 	FormParList.
   51| 	Type.
   52| 	Block.
   53| 	Stat.
   54| 	Expr.
   55| 	Term.
   56| 	Fact.
   57| 	ActParList.
   58| 	IfStat.
   59| 	WhileStat.
   60| 	BreakStat.
   61| 	InputStat.
   62| 	OutputStat.
   63| 	DeleteStat.
   64| 	ReturnStat.
   65| 	OrExpr.
   66| 	AndExpr.
   67| 	RelExpr.
   68| 	SimpleExpr.
   69| 	NotFact.
   70| 	VarDefOrFuncDeclOrDef.
   71| 	FormParListRest.
   72| 	NonVoidType.
   73| 	IdentStat.
   74| 
   75| 	RULES
   76| 
   77| 		MiniCPP               = { ConstDecl | VarDefOrFuncDeclOrDef }
   78| 														SEM<<
   79| 																	Console.WriteLine($"Lines of code:        {MiniCPPLex.tokenLine - 1}");
   80| 																  Console.WriteLine($"Lines of statements:  {stc}");
   81| 																  Console.WriteLine($"Complexity by McCabe: {mc}");
   82| 														>>.
   83| 		VarDefOrFuncDeclOrDef = Type [ '*' ] ident (VarDef | FuncHead (';' | Block)) .
   84| 		ConstDecl             = 'const' Type ident Init ';'.
   85| 		Init                  = '=' ( false | true | number ) .
   86| 		VarDef                =	[ Init ] { ',' [ '*' ] ident [ Init ] } ';'.
   87| 		FuncHead              = '(' [ FormParList ] ')' .
   88| 		FormParList           =	( 'void' [ FormParListRest ] | NonVoidType FormParListRest ).
   89| 		FormParListRest       = [ '*' ] ident [ '[' ']' ] { ',' Type [ '*' ] ident [ '[' ']' ] } .
   90| 		Type                  = 'void' | NonVoidType .
   91| 		NonVoidType           = 'bool' | 'int' .
   92| 		Block                 =	'{' { ConstDecl | Type [ '*' ] ident VarDef | Stat } '}'.
   93| 		Stat                  = SEM<<stc++;>> ( IdentStat | IfStat | WhileStat | BreakStat | InputStat
   94| 		                        | OutputStat | DeleteStat | ReturnStat | Block | ';' ).
   95| 		IdentStat             =	ident ('++' | '--' | [ '[' Expr ']' ] '=' Expr | '(' [ ActParList ] ')') ';'.
   96| 		ActParList            = Expr { ',' Expr } .
   97| 		IfStat                = SEM<<mc++;>> 'if' '(' Expr ')' Stat [ SEM<<mc++;>> 'else' Stat ].
   98| 		WhileStat             = SEM<<mc++;>> 'while' '(' Expr ')' Stat .
   99| 		BreakStat             = 'break' ';' .
  100| 		InputStat             = 'cin'  '>>' ident ';' .
  101| 		OutputStat            = 'cout' '<<' ( Expr | string | 'endl' ) { '<<' ( Expr | string | 'endl' ) } ';' .
  102| 		DeleteStat            = 'delete' '[' ']' ident ';' .
  103| 		ReturnStat            = 'return' [ Expr ] ';' .
  104| 		Expr                  =	OrExpr .
  105| 		OrExpr                = AndExpr { '||' AndExpr } .
  106| 		AndExpr               = RelExpr { '&&' RelExpr } .
  107| 		RelExpr               =	SimpleExpr [ ( '==' | '!=' | '<' | '<=' | '>' | '>=' ) SimpleExpr ] .
  108| 		SimpleExpr            = [ '+' | '-' ] Term { ( '+' | '-' ) Term } .
  109| 		Term                  = NotFact { ( '*' | '/' | '%' )  NotFact } .
  110| 		NotFact               = [ '!' ] Fact .
  111| 		Fact                  = 'false'
  112| 		                        | 'true'
  113| 														| number
  114| 														| ident [ ( '[' Expr ']' )
  115| 														| ( '(' [ ActParList ] ')' ) ]
  116| 														| 'new' Type '[' Expr ']'
  117| 														| '(' Expr ')' .
  118| 
  119| 	END MiniCPP.


error(s) and warning(s):
-----------------------

    0 lexical error(s) 
    0 syntax error(s)  
    0 semantic error(s)
    0 warning(s)       


start table:
-----------

   '!'                    30 | '\"'                     27
   '%'                     8 | '&'                      11
   '('                    19 | ')'                      20
   '*'                     7 | '+'                      31
   ','                     3 | '-'                      32
   '/'                     6 | '0'..'9'                 25
   ';'                     2 | '<'                      33
   '='                    34 | '>'                      35
   'A'..'Z'               26 | '['                      21
   ']'                    22 | '_'                      26
   'a'..'f'               29 | 'g'                      26
   'h'..'i'               29 | 'j'                      26
   'k'..'l'               29 | 'm'                      26
   'n'..'p'               29 | 'q'                      26
   'r'..'w'               29 | 'x'..'z'                 26
   '{'                    23 | '|'                       9
   '}'                    24 | ELSE                      0
   

ignored characters:
------------------

{ HT..LF, ' ' }

comment starts:
--------------

{ '/' }

character classes:
-----------------

1: { '0'..'9' }

2: { 'A'..'Z', 'a'..'z' }

3: { EF..'!', '#'..'ÿ' }

4: { 'a'..'f', 'h'..'i', 'k'..'l', 'n'..'p', 'r'..'w' }

5: { 'A'..'Z', 'g', 'j', 'm', 'q', 'x'..'z' }
